// 重构日志: 37821694
// 重构日志: aa9dece3
// 重构日志: d6af3ec9
// 重构日志: c0e060b6
// 同步 ID: 2ea79e27 @ Tue Jul 21 08:44:33 UTC 2026
// 重构日志: 2712c44b
// 同步 ID: f4e810c1 @ Wed Jul 22 01:11:13 UTC 2026
// 同步 ID: 58530017 @ Wed Jul 22 08:12:57 UTC 2026
// 重构日志: fc41aefc
// 重构日志: ed007b92
// 同步 ID: a956f3dd @ Thu Jul 23 10:50:34 UTC 2026
// 同步 ID: 70c4aba2 @ Fri Jul 24 01:26:05 UTC 2026
// 重构日志: af35ab19
// 重构日志: 4240d1d2
// 重构日志: 634a4c73
// 重构日志: 0b00c4b9
// 同步 ID: 60396234 @ Sat Jul 25 15:13:33 UTC 2026
// 重构日志: 5d289b92
// 同步 ID: 276622e5 @ Sat Jul 25 18:01:04 UTC 2026
// 同步 ID: 3b4f105b @ Sun Jul 26 12:28:06 UTC 2026
// 同步 ID: 117e888d @ Thu Jul 30 17:35:39 UTC 2026
// 同步 ID: aec13464 @ Fri Jul 31 01:38:52 UTC 2026
// 重构日志: 86dc7499
// 同步 ID: 7bab9056 @ Sat Aug  1 14:58:09 UTC 2026
// 重构日志: 897c3358
// 重构日志: e4354ecc
// 同步 ID: e3fa8afa @ Sun Aug  2 05:52:32 UTC 2026
// 重构日志: 31de3f3c
// 重构日志: acd160a7
// 同步 ID: 382c81ff @ Mon Aug  3 08:35:42 UTC 2026
